// Vitest Snapshot v1, https://vitest.dev/guide/snapshot.html

exports[`VAnchorItem > snapshot 1`] = `
<div
  class="anchor-item v-flex v-items-center"
>
  <v-icon-stub
    class="v-mr-box-xs"
    icon="data:image/svg+xml;utf8,<svg xmlns='http://www.w3.org/2000/svg' class='ionicon' viewBox='0 0 512 512'><path stroke-linecap='round' stroke-linejoin='round' stroke-width='48' d='M184 112l144 144-144 144' class='ionicon-fill-none'/></svg>"
    modifier="false"
    size="sm"
    withspaceleft="false"
    withspaceright="false"
  />
  <a
    class="v-font-fflight v-leading-md v-text-primary v-underline"
  >
    
    Mechanik
    
  </a>
</div>
`;
