// Vitest Snapshot v1, https://vitest.dev/guide/snapshot.html

exports[`VArticleInfoSlide > snapshot 1`] = `
<v-slide-stub
  modifier="article-info-slide"
  slidebackground=""
>
  <v-badge-stub
    color="v-bg-yellow-80"
    modifier="[object Object]"
  >
    Mechanik
  </v-badge-stub>
  <!--v-if-->
  <v-transition-stub
    type="slide-right"
  >
    <!--v-if-->
  </v-transition-stub>
  <div
    class="v-mt-box-sm"
  >
    <h3
      class="v-text-h4 md:v-text-h3"
    >
      Title
    </h3>
    <span
      class="v-h5 v-mt-2 v-inline-block v-font-fflight v-text-ty-helper"
    >
      Subtitle
    </span>
  </div>
  <div
    class="v-mt-box"
  >
    
    <anonymous-stub />
    
  </div>
</v-slide-stub>
`;
