// Vitest Snapshot v1, https://vitest.dev/guide/snapshot.html

exports[`VTopicImageBox > snapshot 1`] = `
<div
  class="topic-image-box v-relative v-grayscale"
>
  <anonymous-stub
    alt="mechanic"
    class="v-h-full v-object-cover v-object-top"
    ionerror="Symbol()"
    ionimgdidload="Symbol()"
    ionimgwillload="Symbol()"
    routerlink="Symbol()"
    src="/image/category/mechanic/mechanic.svg"
  />
  <h4
    class="v-h4 v-absolute v-bottom-0 v-left-0 v-w-full v-hyphens-auto v-bg-white v-px-box v-pb-box v-text-left v-font-bold"
  >
    <div
      class="v-absolute v-left-0 v-top-0 v-h-[9rem] v-w-full v--translate-y-full v-bg-gradient-to-t v-from-white v-content-['']"
    />
    
    Mechanik
    
  </h4>
</div>
`;
