// Vitest Snapshot v1, https://vitest.dev/guide/snapshot.html

exports[`VTopicImageBox > snapshot 1`] = `
<div
  class="topic-image-box v-relative"
>
  <anonymous-stub
    alt="mechanic"
    class="v-h-full v-object-cover v-object-top"
    ionerror="Symbol()"
    ionimgdidload="Symbol()"
    ionimgwillload="Symbol()"
    routerlink="Symbol()"
    src="/image/category/mechanic/mechanic.svg"
  />
  <div
    class="v-absolute v-left-0 v-top-0 v-h-[9rem] v-w-full v-bg-gradient-to-t v-from-white/[.8] v-from-40% v-content-[''] md:v-h-[11rem]"
  />
  <h4
    class="v-h4 v-absolute v-bottom-0 v-left-0 v-w-full v-hyphens-auto v-px-box v-pb-box v-text-left v-font-bold"
  >
    
    Mechanik
    
  </h4>
</div>
`;
